// Jest Snapshot v1, https://goo.gl/fbAQLP

exports[`App should render without crashing 1`] = `
Array [
  <div
    className="nav"
  >
    <h1>
       MATH MAGICIANS
    </h1>
    <div>
      <a
        className="el"
        href="/"
        onClick={[Function]}
      >
        Home 
      </a>
      <a
        className="el"
        href="/quote"
        onClick={[Function]}
      >
        Quotes 
      </a>
      <a
        className="el"
        href="/calculator"
        onClick={[Function]}
      >
        Calculator 
      </a>
    </div>
  </div>,
  <div>
    <h1>
       Welcome to our Page
    </h1>
    <p>
       https://math-magiciansA Web PageMath MagiciansLorem ipsum dolor sit amet, consectetur adipisicing elit, sed do eiusmod tempor incididunt ut labore et dolore magna aliqua. Ut enim ad minim veniam, quis nostrud exercitation ullamco laboris nisi ut aliquip ex ea commodo consequat. Duis aute irure dolor in reprehenderit in voluptate velit esse cillum dolore eu fugiat nulla pariatur. Excepteur sint occaecat cupidatat non proident, sunt in culpa qui o!cia deserunt mollit anim id est laborum. IpsuLorem ipsum dolor sit amet, consectetur adipisicing elit, sed do eiusmod tempor incididunt ut labore et dolore magna aliqua. Ut enim ad minim veniam, quis nostrud exercitation ullamco laboris nisi ut aliquip ex ea commodo consequat. Duis aute irure dolor in reprehenderit in voluptate velit esse cillum dolore eu fugiat nulla pariatur. Excepteur sint occaecat cupidatat non proident, sunt in culpa qui o!cia deserunt mollit anim id est laborum. Ipsu
    </p>
    <p>
       https://math-magiciansA Web PageMath MagiciansLorem ipsum dolor sit amet, consectetur adipisicing elit, sed do eiusmod tempor incididunt ut labore et dolore magna aliqua. Ut enim ad minim veniam, quis nostrud exercitation ullamco laboris nisi ut aliquip ex ea commodo consequat. Duis aute irure dolor in reprehenderit in voluptate velit esse cillum dolore eu fugiat nulla pariatur. Excepteur sint occaecat cupidatat non proident, sunt in culpa qui o!cia deserunt mollit anim id est laborum. IpsuLorem ipsum dolor sit amet, consectetur adipisicing elit, sed do eiusmod tempor incididunt ut labore et dolore magna aliqua. Ut enim ad minim veniam, quis nostrud exercitation ullamco laboris nisi ut aliquip ex ea commodo consequat. Duis aute irure dolor in reprehenderit in voluptate velit esse cillum dolore eu fugiat nulla pariatur. Excepteur sint occaecat cupidatat non proident, sunt in culpa qui o!cia deserunt mollit anim id est laborum. Ipsu
    </p>
  </div>,
]
`;

exports[`Calculator should render without crashing 1`] = `
<div>
  <div
    className="seperate"
  >
    <h1>
       LET S DO SOME MATH
    </h1>
    <div>
      <div
        className="display"
      >
        <h1
          className="result"
        >
          0
        </h1>
      </div>
      <div
        className="line1"
      >
        <button
          className="btn red 125px"
          onClick={[Function]}
          type="button"
        >
          AC
        </button>
        <button
          className="btn red 125px"
          onClick={[Function]}
          type="button"
        >
          +/-
        </button>
        <button
          className="btn red 125px"
          onClick={[Function]}
          type="button"
        >
          %
        </button>
        <button
          className="btn orangered 125px"
          onClick={[Function]}
          type="button"
        >
          รท
        </button>
      </div>
      <div
        className="line1"
      >
        <button
          className="btn red 125px"
          onClick={[Function]}
          type="button"
        >
          7
        </button>
        <button
          className="btn red 125px"
          onClick={[Function]}
          type="button"
        >
          8
        </button>
        <button
          className="btn red 125px"
          onClick={[Function]}
          type="button"
        >
          9
        </button>
        <button
          className="btn orangered 125px"
          onClick={[Function]}
          type="button"
        >
          X
        </button>
      </div>
      <div
        className="line1"
      >
        <button
          className="btn red 125px"
          onClick={[Function]}
          type="button"
        >
          4
        </button>
        <button
          className="btn red 125px"
          onClick={[Function]}
          type="button"
        >
          5
        </button>
        <button
          className="btn red 125px"
          onClick={[Function]}
          type="button"
        >
          6
        </button>
        <button
          className="btn orangered 125px"
          onClick={[Function]}
          type="button"
        >
          -
        </button>
      </div>
      <div
        className="line1"
      >
        <button
          className="btn red 125px"
          onClick={[Function]}
          type="button"
        >
          1
        </button>
        <button
          className="btn red 125px"
          onClick={[Function]}
          type="button"
        >
          2
        </button>
        <button
          className="btn red 125px"
          onClick={[Function]}
          type="button"
        >
          3
        </button>
        <button
          className="btn orangered 125px"
          onClick={[Function]}
          type="button"
        >
          +
        </button>
      </div>
      <div
        className="line1"
      >
        <button
          className="btn red wide"
          onClick={[Function]}
          type="button"
        >
          0
        </button>
        <button
          className="btn red 125px"
          onClick={[Function]}
          type="button"
        >
          .
        </button>
        <button
          className="btn orangered 125px"
          onClick={[Function]}
          type="button"
        >
          =
        </button>
      </div>
    </div>
  </div>
</div>
`;
