// Jest Snapshot v1, https://goo.gl/fbAQLP

exports[`Display should render without crashing 1`] = `
<div
  className="display"
>
  <h1
    className="result"
  >
    0
  </h1>
</div>
`;
